../Core/Src/main.c:94:5:main	8	static
../Core/Src/main.c:163:6:SystemClock_Config	80	static
../Core/Src/main.c:204:13:MX_ADC_Init	24	static
../Core/Src/main.c:258:13:MX_TIM3_Init	64	static
../Core/Src/main.c:317:13:MX_USART2_UART_Init	8	static
../Core/Src/main.c:350:13:MX_DMA_Init	16	static
../Core/Src/main.c:371:13:MX_GPIO_Init	56	static
../Core/Src/main.c:422:6:EXTI0_1_IRQHandler	8	static
../Core/Src/main.c:438:10:pollADC	16	static
../Core/Src/main.c:454:10:ADCtoCRR	24	static
../Core/Src/main.c:468:9:decToBcd	24	static
../Core/Src/main.c:475:6:sendData	24	static
../Core/Src/main.c:490:6:ADCtoChar	24	static
../Core/Src/main.c:504:6:Error_Handler	8	static,ignoring_inline_asm
