../Core/Src/main.c:97:5:main	16	static
../Core/Src/main.c:169:6:SystemClock_Config	80	static
../Core/Src/main.c:210:13:MX_ADC_Init	24	static
../Core/Src/main.c:264:13:MX_TIM3_Init	64	static
../Core/Src/main.c:323:13:MX_USART2_UART_Init	8	static
../Core/Src/main.c:356:13:MX_DMA_Init	16	static
../Core/Src/main.c:377:13:MX_GPIO_Init	56	static
../Core/Src/main.c:428:6:EXTI0_1_IRQHandler	8	static
../Core/Src/main.c:444:10:pollADC	16	static
../Core/Src/main.c:460:10:ADCtoCRR	24	static
../Core/Src/main.c:474:9:decToBcd	24	static
../Core/Src/main.c:481:6:sendData	24	static
../Core/Src/main.c:497:6:dataConversion	64	static
../Core/Src/main.c:513:6:messageProtocol	32	static
../Core/Src/main.c:541:6:Error_Handler	8	static,ignoring_inline_asm
