../Core/Src/main.c:75:5:main	32	static
../Core/Src/main.c:162:5:Decode	32	static
../Core/Src/main.c:175:5:StartCheck	16	static
../Core/Src/main.c:196:5:StopCheck	24	static
../Core/Src/main.c:218:6:SystemClock_Config	80	static
../Core/Src/main.c:259:13:MX_ADC_Init	24	static
../Core/Src/main.c:313:13:MX_TIM3_Init	64	static
../Core/Src/main.c:372:13:MX_USART2_UART_Init	8	static
../Core/Src/main.c:405:13:MX_DMA_Init	16	static
../Core/Src/main.c:426:13:MX_GPIO_Init	56	static
../Core/Src/main.c:477:6:EXTI0_1_IRQHandler	8	static
../Core/Src/main.c:496:10:pollADC	16	static
../Core/Src/main.c:519:6:Error_Handler	8	static,ignoring_inline_asm
