../Core/Src/main.c:91:5:main	8	static
../Core/Src/main.c:156:6:SystemClock_Config	80	static
../Core/Src/main.c:197:13:MX_ADC_Init	24	static
../Core/Src/main.c:251:13:MX_TIM3_Init	64	static
../Core/Src/main.c:310:13:MX_USART2_UART_Init	8	static
../Core/Src/main.c:343:13:MX_DMA_Init	16	static
../Core/Src/main.c:364:13:MX_GPIO_Init	56	static
../Core/Src/main.c:417:10:pollADC	16	static
../Core/Src/main.c:433:10:ADCtoCRR	24	static
../Core/Src/main.c:446:6:pause_sec	40	static
../Core/Src/main.c:460:9:decToBcd	24	static
../Core/Src/main.c:467:6:setLEDonReceive	24	static
../Core/Src/main.c:488:6:Error_Handler	8	static,ignoring_inline_asm
